[POL] 198
[POL] 24
[POL] 24
[POL] 6
[POL] 6
[POL] 0
[POL] 6
