[POL] [                                ] 0.0%
[POL] [=                                ] 1.5625%
[POL] [=                               ] 3.125%
[POL] [==                               ] 4.6875%
[POL] [==                              ] 6.25%
[POL] [===                              ] 7.8125%
[POL] [===                             ] 9.375%
[POL] [====                             ] 10.9375%
[POL] [====                            ] 12.5%
[POL] [=====                            ] 14.0625%
[POL] [=====                           ] 15.625%
[POL] [======                           ] 17.1875%
[POL] [======                          ] 18.75%
[POL] [=======                          ] 20.3125%
[POL] [=======                         ] 21.875%
[POL] [========                         ] 23.4375%
[POL] [========                        ] 25.0%
[POL] [=========                        ] 26.5625%
[POL] [=========                       ] 28.125%
[POL] [==========                       ] 29.6875%
[POL] [==========                      ] 31.25%
[POL] [===========                      ] 32.8125%
[POL] [===========                     ] 34.375%
[POL] [============                     ] 35.9375%
[POL] [============                    ] 37.5%
[POL] [=============                    ] 39.0625%
[POL] [=============                   ] 40.625%
[POL] [==============                   ] 42.1875%
[POL] [==============                  ] 43.75%
[POL] [===============                  ] 45.3125%
[POL] [===============                 ] 46.875%
[POL] [================                 ] 48.4375%
[POL] [================                ] 50.0%
[POL] [=================                ] 51.5625%
[POL] [=================               ] 53.125%
[POL] [==================               ] 54.6875%
[POL] [==================              ] 56.25%
[POL] [===================              ] 57.8125%
[POL] [===================             ] 59.375%
[POL] [====================             ] 60.9375%
[POL] [====================            ] 62.5%
[POL] [=====================            ] 64.0625%
[POL] [=====================           ] 65.625%
[POL] [======================           ] 67.1875%
[POL] [======================          ] 68.75%
[POL] [=======================          ] 70.3125%
[POL] [=======================         ] 71.875%
[POL] [========================         ] 73.4375%
[POL] [========================        ] 75.0%
[POL] [=========================        ] 76.5625%
[POL] [=========================       ] 78.125%
[POL] [==========================       ] 79.6875%
[POL] [==========================      ] 81.25%
[POL] [===========================      ] 82.8125%
[POL] [===========================     ] 84.375%
[POL] [============================     ] 85.9375%
[POL] [============================    ] 87.5%
[POL] [=============================    ] 89.0625%
[POL] [=============================   ] 90.625%
[POL] [==============================   ] 92.1875%
[POL] [==============================  ] 93.75%
[POL] [===============================  ] 95.3125%
[POL] [=============================== ] 96.875%
[POL] [================================ ] 98.4375%
[POL] Loading Complete!
